22:55:13 **** Incremental Build of configuration Debug for project LAB2_EX9 ****
make -j20 all 
arm-none-eabi-gcc "../Core/Src/main.c" -mcpu=cortex-m3 -std=gnu11 -g3 -DDEBUG -DUSE_HAL_DRIVER -DSTM32F103x6 -c -I../Core/Inc -I../Drivers/STM32F1xx_HAL_Driver/Inc -I../Drivers/STM32F1xx_HAL_Driver/Inc/Legacy -I../Drivers/CMSIS/Device/ST/STM32F1xx/Include -I../Drivers/CMSIS/Include -O0 -ffunction-sections -fdata-sections -Wall -fstack-usage -MMD -MP -MF"Core/Src/main.d" -MT"Core/Src/main.o" --specs=nano.specs -mfloat-abi=soft -mthumb -o "Core/Src/main.o"
arm-none-eabi-gcc -o "LAB2_EX9.elf" @"objects.list"   -mcpu=cortex-m3 -T"C:\Users\Dell\Desktop\MPU-MCU\LAB 2\LAB2_EX9\STM32F103C6UX_FLASH.ld" --specs=nosys.specs -Wl,-Map="LAB2_EX9.map" -Wl,--gc-sections -static --specs=nano.specs -mfloat-abi=soft -mthumb -Wl,--start-group -lc -lm -Wl,--end-group
Finished building target: LAB2_EX9.elf
 
arm-none-eabi-size   LAB2_EX9.elf 
arm-none-eabi-objdump -h -S  LAB2_EX9.elf  > "LAB2_EX9.list"
arm-none-eabi-objcopy  -O ihex  LAB2_EX9.elf  "LAB2_EX9.hex"
arm-none-eabi-objcopy  -O binary  LAB2_EX9.elf  "LAB2_EX9.bin"
   text	   data	    bss	    dec	    hex	filename
   9256	     20	   1676	  10952	   2ac8	LAB2_EX9.elf
Finished building: default.size.stdout
 
Finished building: LAB2_EX9.bin
Finished building: LAB2_EX9.hex
 
 
Finished building: LAB2_EX9.list
 
