03:07:55 **** Incremental Build of configuration Debug for project LAB2_EX1 ****
make -j12 all 
arm-none-eabi-gcc "../Core/Src/main.c" -mcpu=cortex-m3 -std=gnu11 -g3 -DDEBUG -DUSE_HAL_DRIVER -DSTM32F103x6 -c -I../Core/Inc -I../Drivers/STM32F1xx_HAL_Driver/Inc -I../Drivers/STM32F1xx_HAL_Driver/Inc/Legacy -I../Drivers/CMSIS/Device/ST/STM32F1xx/Include -I../Drivers/CMSIS/Include -O0 -ffunction-sections -fdata-sections -Wall -fstack-usage -MMD -MP -MF"Core/Src/main.d" -MT"Core/Src/main.o" --specs=nano.specs -mfloat-abi=soft -mthumb -o "Core/Src/main.o"
arm-none-eabi-gcc -o "LAB2_EX1.elf" @"objects.list"   -mcpu=cortex-m3 -T"C:\Users\vnpt2\Desktop\LAB2\EX1\LAB2_EX1\STM32F103C6UX_FLASH.ld" --specs=nosys.specs -Wl,-Map="LAB2_EX1.map" -Wl,--gc-sections -static --specs=nano.specs -mfloat-abi=soft -mthumb -Wl,--start-group -lc -lm -Wl,--end-group
Finished building target: LAB2_EX1.elf
 
arm-none-eabi-size   LAB2_EX1.elf 
arm-none-eabi-objdump -h -S  LAB2_EX1.elf  > "LAB2_EX1.list"
arm-none-eabi-objcopy  -O ihex  LAB2_EX1.elf  "LAB2_EX1.hex"
   text	   data	    bss	    dec	    hex	filename
   8044	     20	   1660	   9724	   25fc	LAB2_EX1.elf
arm-none-eabi-objcopy  -O binary  LAB2_EX1.elf  "LAB2_EX1.bin"
Finished building: default.size.stdout
 
Finished building: LAB2_EX1.hex
Finished building: LAB2_EX1.bin
 
Finished building: LAB2_EX1.list
 
 

03:07:56 Build Finished. 0 errors, 0 warnings. (took 661ms)

